M
(MBIKedNhl)(BIKMNdehl)
M
(MBIKedNhl)(BIKMNdehl)
e
(edNhl)(Ndehl)
h
(hl)(hl)
e
(edNhl)(Ndehl)
M
(MBIKedNhl)(BIKMNdehl)
M
(MBIKedNhl)(BIKMNdehl)
M
(MBIKedNhl)(BIKMNdehl)
M
(MBIKedNhl)(BIKMNdehl)
M
(MBIKedNhl)(BIKMNdehl)
M
(MBIKedNhl)(BIKMNdehl)
