k
(kWUJidv)(JUWdikv)
k
(kWUJidv)(JUWdikv)
k
(kWUJidv)(JUWdikv)
W
(WUJid)(JUWdi)
k
(kWUJidv)(JUWdikv)
k
(kWUJidv)(JUWdikv)
