h
(hfwpt)(fhptw)
S
(SOKIhfwpt)(IKOSfhptw)
p
(pt)(pt)
S
(SOKIhfwpt)(IKOSfhptw)
h
(hfwpt)(fhptw)
S
(SOKIhfwpt)(IKOSfhptw)
S
(SOKIhfwpt)(IKOSfhptw)
S
(SOKIhfwpt)(IKOSfhptw)
h
(hfwpt)(fhptw)
