P
(PCBXSQZ)(BCPQSXZ)
m
(mPCBXSQZtowy)(BCPQSXZmotwy)
m
(mPCBXSQZtowy)(BCPQSXZmotwy)
m
(mPCBXSQZtowy)(BCPQSXZmotwy)
m
(mPCBXSQZtowy)(BCPQSXZmotwy)
X
(XSQZ)(QSXZ)
w
(wy)(wy)
m
(mPCBXSQZtowy)(BCPQSXZmotwy)
