X
(XQDNjgcbhnzu)(DNQXbcghjnuz)
c
(cb)(bc)
X
(XQDNjgcbhnzu)(DNQXbcghjnuz)
X
(XQDNjgcbhnzu)(DNQXbcghjnuz)
X
(XQDNjgcbhnzu)(DNQXbcghjnuz)
X
(XQDNjgcbhnzu)(DNQXbcghjnuz)
X
(XQDNjgcbhnzu)(DNQXbcghjnuz)
n
(nzu)(nuz)
